,controversiality,parent_id,body,subreddit,id,score,subreddit_id
879129,0,t3_245muz,gt XPost runexpectedAre you retarded?,Expected,ch47l7y,-33,t5_2wdsw
1818535,0,t3_2fdj3q,only one can be happy at a time,Expected,ck8bg9j,10,t5_2wdsw
8130136,0,t3_4h5z4s,These jock dads ought to be jailed.  Take their kids to the gym to show off how macho amp uberfit they are and wind up giving the kids a concussion or worse!  Doh!!!  Way to go Homer!,Expected,d4twf8p,1,t5_2wdsw
9119223,0,t3_552tap,Kids are dum,Expected,d87zdrt,1,t5_2wdsw
